// Jest Snapshot v1, https://goo.gl/fbAQLP

exports[`render Loading 1`] = `
<div>
  <div
    class="loading"
  >
    Cargando...
  </div>
</div>
`;
