// Jest Snapshot v1, https://goo.gl/fbAQLP

exports[`render ListView 1`] = `
<div>
  <div
    class="search-items"
  >
    <div
      class="MuiFormControl-root MuiTextField-root css-1u3bzj6-MuiFormControl-root-MuiTextField-root"
    >
      <label
        class="MuiFormLabel-root MuiInputLabel-root MuiInputLabel-formControl MuiInputLabel-animated MuiInputLabel-outlined MuiFormLabel-colorPrimary MuiInputLabel-root MuiInputLabel-formControl MuiInputLabel-animated MuiInputLabel-outlined css-14s5rfu-MuiFormLabel-root-MuiInputLabel-root"
        data-shrink="false"
        for=":r0:"
        id=":r0:-label"
      >
        Buscador
      </label>
      <div
        class="MuiInputBase-root MuiOutlinedInput-root MuiInputBase-colorPrimary MuiInputBase-formControl css-9ddj71-MuiInputBase-root-MuiOutlinedInput-root"
      >
        <input
          aria-invalid="false"
          class="MuiInputBase-input MuiOutlinedInput-input css-1t8l2tu-MuiInputBase-input-MuiOutlinedInput-input"
          id=":r0:"
          type="text"
          value=""
        />
        <fieldset
          aria-hidden="true"
          class="MuiOutlinedInput-notchedOutline css-1d3z3hw-MuiOutlinedInput-notchedOutline"
        >
          <legend
            class="css-yjsfm1"
          >
            <span>
              Buscador
            </span>
          </legend>
        </fieldset>
      </div>
    </div>
  </div>
  <div
    class="list-items"
  >
    <div
      class="item"
    >
      <a
        href="/detail/1"
      >
        <div
          class="img"
        >
           
          <img
            height="110"
            src="string"
            width="80"
          />
        </div>
        <div
          class="detail"
        >
          <div
            class="model"
          >
            x20
          </div>
          <div
            class="brand"
          >
            Alcatel
          </div>
          <div
            class="price"
          >
             
            200
            â‚¬
          </div>
        </div>
      </a>
    </div>
  </div>
</div>
`;
