// Jest Snapshot v1, https://goo.gl/fbAQLP

exports[`render ActionDetail 1`] = `
<div>
  <div
    class="action-form"
  >
    <form>
      <div
        class="form-select"
      >
        <div
          class="MuiFormControl-root MuiFormControl-fullWidth css-q8hpuo-MuiFormControl-root"
        >
          <label
            class="MuiFormLabel-root MuiInputLabel-root MuiInputLabel-formControl MuiInputLabel-animated MuiInputLabel-shrink MuiInputLabel-outlined MuiFormLabel-colorPrimary MuiFormLabel-filled MuiInputLabel-root MuiInputLabel-formControl MuiInputLabel-animated MuiInputLabel-shrink MuiInputLabel-outlined css-1sumxir-MuiFormLabel-root-MuiInputLabel-root"
            data-shrink="true"
            id="storage-label"
          >
            Almacenamiento
          </label>
          <div
            class="MuiInputBase-root MuiOutlinedInput-root MuiInputBase-colorPrimary MuiInputBase-formControl  css-1yk1gt9-MuiInputBase-root-MuiOutlinedInput-root-MuiSelect-root"
          >
            <div
              aria-expanded="false"
              aria-haspopup="listbox"
              aria-labelledby="storage-label mui-component-select-storage"
              class="MuiSelect-select MuiSelect-outlined MuiInputBase-input MuiOutlinedInput-input css-11u53oe-MuiSelect-select-MuiInputBase-input-MuiOutlinedInput-input"
              id="mui-component-select-storage"
              role="button"
              tabindex="0"
            >
              100GB
            </div>
            <input
              aria-hidden="true"
              class="MuiSelect-nativeInput css-yf8vq0-MuiSelect-nativeInput"
              name="storage"
              tabindex="-1"
              value="1"
            />
            <svg
              aria-hidden="true"
              class="MuiSvgIcon-root MuiSvgIcon-fontSizeMedium MuiSelect-icon MuiSelect-iconOutlined css-hfutr2-MuiSvgIcon-root-MuiSelect-icon"
              data-testid="ArrowDropDownIcon"
              focusable="false"
              viewBox="0 0 24 24"
            >
              <path
                d="M7 10l5 5 5-5z"
              />
            </svg>
            <fieldset
              aria-hidden="true"
              class="MuiOutlinedInput-notchedOutline css-1d3z3hw-MuiOutlinedInput-notchedOutline"
            >
              <legend
                class="css-14lo706"
              >
                <span>
                  Almacenamiento
                </span>
              </legend>
            </fieldset>
          </div>
        </div>
      </div>
      <div
        class="form-select"
      >
        <div
          class="MuiFormControl-root MuiFormControl-fullWidth css-q8hpuo-MuiFormControl-root"
        >
          <label
            class="MuiFormLabel-root MuiInputLabel-root MuiInputLabel-formControl MuiInputLabel-animated MuiInputLabel-shrink MuiInputLabel-outlined MuiFormLabel-colorPrimary MuiFormLabel-filled MuiInputLabel-root MuiInputLabel-formControl MuiInputLabel-animated MuiInputLabel-shrink MuiInputLabel-outlined css-1sumxir-MuiFormLabel-root-MuiInputLabel-root"
            data-shrink="true"
            id="color-label"
          >
            Color
          </label>
          <div
            class="MuiInputBase-root MuiOutlinedInput-root MuiInputBase-colorPrimary MuiInputBase-formControl  css-1yk1gt9-MuiInputBase-root-MuiOutlinedInput-root-MuiSelect-root"
          >
            <div
              aria-expanded="false"
              aria-haspopup="listbox"
              aria-labelledby="color-label mui-component-select-color"
              class="MuiSelect-select MuiSelect-outlined MuiInputBase-input MuiOutlinedInput-input css-11u53oe-MuiSelect-select-MuiInputBase-input-MuiOutlinedInput-input"
              id="mui-component-select-color"
              role="button"
              tabindex="0"
            >
              Rojo
            </div>
            <input
              aria-hidden="true"
              class="MuiSelect-nativeInput css-yf8vq0-MuiSelect-nativeInput"
              name="color"
              tabindex="-1"
              value="1"
            />
            <svg
              aria-hidden="true"
              class="MuiSvgIcon-root MuiSvgIcon-fontSizeMedium MuiSelect-icon MuiSelect-iconOutlined css-hfutr2-MuiSvgIcon-root-MuiSelect-icon"
              data-testid="ArrowDropDownIcon"
              focusable="false"
              viewBox="0 0 24 24"
            >
              <path
                d="M7 10l5 5 5-5z"
              />
            </svg>
            <fieldset
              aria-hidden="true"
              class="MuiOutlinedInput-notchedOutline css-1d3z3hw-MuiOutlinedInput-notchedOutline"
            >
              <legend
                class="css-14lo706"
              >
                <span>
                  Color
                </span>
              </legend>
            </fieldset>
          </div>
        </div>
      </div>
      <button
        class="MuiButtonBase-root MuiButton-root MuiButton-text MuiButton-textPrimary MuiButton-sizeMedium MuiButton-textSizeMedium MuiButton-root MuiButton-text MuiButton-textPrimary MuiButton-sizeMedium MuiButton-textSizeMedium css-1e6y48t-MuiButtonBase-root-MuiButton-root"
        tabindex="0"
        type="submit"
      >
        AÃ±adir a la cesta
        <span
          class="MuiTouchRipple-root css-8je8zh-MuiTouchRipple-root"
        />
      </button>
    </form>
  </div>
</div>
`;
