// Jest Snapshot v1, https://goo.gl/fbAQLP

exports[`render ItemDescriptionDetail 1`] = `
<div>
  <div
    class="item-description"
  >
    <div
      class="title-description"
    >
      Test
    </div>
    <div
      class="value-description"
    >
      Test value
    </div>
  </div>
</div>
`;
